[    0.000000] Linux version 5.0.0-32-generic (buildd@lgw01-amd64-015) (gcc version 7.4.0 (Ubuntu 7.4.0-1ubuntu1~18.04.1)) #34~18.04.2-Ubuntu SMP Thu Oct 10 10:36:02 UTC 2019 (Ubuntu 5.0.0-32.34~18.04.2-generic 5.0.21)
[    0.000000] Command line: BOOT_IMAGE=/boot/vmlinuz-5.0.0-32-generic root=UUID=a38b2f59-c200-4a34-a5c0-3f647bddef55 ro quiet splash vt.handoff=1
[    0.000000] KERNEL supported cpus:
[    0.000000]   Intel GenuineIntel
[    0.000000]   AMD AuthenticAMD
[    0.000000]   Hygon HygonGenuine
[    0.000000]   Centaur CentaurHauls
[    0.000000] x86/fpu: x87 FPU will use FXSAVE
[    0.000000] BIOS-provided physical RAM map:
[    0.000000] BIOS-e820: [mem 0x0000000000000000-0x000000000009ebff] usable
[    0.000000] BIOS-e820: [mem 0x000000000009ec00-0x000000000009ffff] reserved
[    0.000000] BIOS-e820: [mem 0x00000000000e0000-0x00000000000fffff] reserved
[    0.000000] BIOS-e820: [mem 0x0000000000100000-0x00000000afab3fff] usable
[    0.000000] BIOS-e820: [mem 0x00000000afab4000-0x00000000afb37fff] ACPI NVS
[    0.000000] BIOS-e820: [mem 0x00000000afb38000-0x00000000afb48fff] ACPI data
[    0.000000] BIOS-e820: [mem 0x00000000afb49000-0x00000000afb49fff] ACPI NVS
[    0.000000] BIOS-e820: [mem 0x00000000afb4a000-0x00000000afb6ffff] reserved
[    0.000000] BIOS-e820: [mem 0x00000000afb70000-0x00000000afb77fff] ACPI NVS
[    0.000000] BIOS-e820: [mem 0x00000000afb78000-0x00000000afb9bfff] reserved
[    0.000000] BIOS-e820: [mem 0x00000000afb9c000-0x00000000afd9efff] ACPI NVS
[    0.000000] BIOS-e820: [mem 0x00000000afd9f000-0x00000000afefffff] usable
[    0.000000] BIOS-e820: [mem 0x00000000fec00000-0x00000000fec00fff] reserved
[    0.000000] BIOS-e820: [mem 0x00000000fec10000-0x00000000fec10fff] reserved
[    0.000000] BIOS-e820: [mem 0x00000000fed00000-0x00000000fed00fff] reserved
[    0.000000] BIOS-e820: [mem 0x00000000fed61000-0x00000000fed70fff] reserved
[    0.000000] BIOS-e820: [mem 0x00000000fed80000-0x00000000fed8ffff] reserved
[    0.000000] BIOS-e820: [mem 0x00000000ff800000-0x00000000ffffffff] reserved
[    0.000000] BIOS-e820: [mem 0x0000000100001000-0x000000013fffffff] usable
[    0.000000] NX (Execute Disable) protection: active
[    0.000000] SMBIOS 2.6 present.
[    0.000000] DMI: TOSHIBA Satellite C660D/PWWAE, BIOS 1.30 04/13/2011
[    0.000000] tsc: Fast TSC calibration using PIT
[    0.000000] tsc: Detected 2294.263 MHz processor
[    0.003164] e820: update [mem 0x00000000-0x00000fff] usable ==> reserved
[    0.003166] e820: remove [mem 0x000a0000-0x000fffff] usable
[    0.011028] AGP: No AGP bridge found
[    0.011102] last_pfn = 0x140000 max_arch_pfn = 0x400000000
[    0.011106] MTRR default type: uncachable
[    0.011107] MTRR fixed ranges enabled:
[    0.011109]   00000-9FFFF write-back
[    0.011110]   A0000-BFFFF write-through
[    0.011111]   C0000-D0FFF write-protect
[    0.011112]   D1000-DFFFF uncachable
[    0.011113]   E0000-FFFFF write-protect
[    0.011114] MTRR variable ranges enabled:
[    0.011116]   0 base 000000000000 mask FFFF00000000 write-back
[    0.011118]   1 base 0000AFF00000 mask FFFFFFF00000 uncachable
[    0.011120]   2 base 0000B0000000 mask FFFFF0000000 uncachable
[    0.011121]   3 base 0000C0000000 mask FFFFC0000000 uncachable
[    0.011122]   4 disabled
[    0.011123]   5 disabled
[    0.011123]   6 disabled
[    0.011124]   7 disabled
[    0.011125] TOM2: 0000000140000000 aka 5120M
[    0.011291] x86/PAT: Configuration [0-7]: WB  WC  UC- UC  WB  WP  UC- WT  
[    0.011358] total RAM covered: 2815M
[    0.012013] Found optimal setting for mtrr clean up
[    0.012015]  gran_size: 64K 	chunk_size: 2M 	num_reg: 4  	lose cover RAM: 0G
[    0.012162] e820: update [mem 0xaff00000-0xffffffff] usable ==> reserved
[    0.012168] last_pfn = 0xaff00 max_arch_pfn = 0x400000000
[    0.016679] found SMP MP-table at [mem 0x000fce20-0x000fce2f]
[    0.033036] check: Scanning 1 areas for low memory corruption
[    0.033046] Using GB pages for direct mapping
[    0.033048] BRK [0x89601000, 0x89601fff] PGTABLE
[    0.033051] BRK [0x89602000, 0x89602fff] PGTABLE
[    0.033052] BRK [0x89603000, 0x89603fff] PGTABLE
[    0.033119] BRK [0x89604000, 0x89604fff] PGTABLE
[    0.033122] BRK [0x89605000, 0x89605fff] PGTABLE
[    0.033533] BRK [0x89606000, 0x89606fff] PGTABLE
[    0.033536] BRK [0x89607000, 0x89607fff] PGTABLE
[    0.033632] BRK [0x89608000, 0x89608fff] PGTABLE
[    0.033777] RAMDISK: [mem 0x3060d000-0x342fdfff]
[    0.033787] ACPI: Early table checksum verification disabled
[    0.033847] ACPI: RSDP 0x00000000000F0420 000024 (v02 TOSCPL)
[    0.033851] ACPI: XSDT 0x00000000AFB38080 000054 (v01 TOSCPL TOSCPL00 01072009 AMI  00010013)
[    0.033858] ACPI: FACP 0x00000000AFB47E40 0000F4 (v04 TOSCPL TOSCPL00 01072009 AMI  00010013)
[    0.033864] ACPI BIOS Warning (bug): Optional FADT field Pm2ControlBlock has valid Length but zero Address: 0x0000000000000000/0x1 (20181213/tbfadt-624)
[    0.033869] ACPI: DSDT 0x00000000AFB38168 00FCD2 (v02 TOSCPL TOSCPL00 00000000 INTL 20051117)
[    0.033873] ACPI: FACS 0x00000000AFB76F40 000040
[    0.033876] ACPI: FACS 0x00000000AFB76F80 000040
[    0.033879] ACPI: APIC 0x00000000AFB47F38 000072 (v01 TOSCPL TOSCPL00 01072009 AMI  00010013)
[    0.033882] ACPI: SLIC 0x00000000AFB47FB0 000176 (v01 TOSCPL TOSCPL00 01072009 AMI  00010013)
[    0.033886] ACPI: MCFG 0x00000000AFB48128 00003C (v01 TOSCPL TOSCPL00 01072009 MSFT 00000097)
[    0.033889] ACPI: SSDT 0x00000000AFB48168 000386 (v01 AMD    POWERNOW 00000001 AMD  00000001)
[    0.033892] ACPI: HPET 0x00000000AFB484F0 000038 (v01 TOSCPL TOSCPL00 01072009 AMI  00000003)
[    0.033903] ACPI: Local APIC address 0xfee00000
[    0.034036] Scanning NUMA topology in Northbridge 24
[    0.034084] No NUMA configuration found
[    0.034086] Faking a node at [mem 0x0000000000000000-0x000000013fffffff]
[    0.034096] NODE_DATA(0) allocated [mem 0x13ffd3000-0x13fffdfff]
[    0.034509] Zone ranges:
[    0.034510]   DMA      [mem 0x0000000000001000-0x0000000000ffffff]
[    0.034511]   DMA32    [mem 0x0000000001000000-0x00000000ffffffff]
[    0.034513]   Normal   [mem 0x0000000100000000-0x000000013fffffff]
[    0.034514]   Device   empty
[    0.034515] Movable zone start for each node
[    0.034520] Early memory node ranges
[    0.034521]   node   0: [mem 0x0000000000001000-0x000000000009dfff]
[    0.034522]   node   0: [mem 0x0000000000100000-0x00000000afab3fff]
[    0.034523]   node   0: [mem 0x00000000afd9f000-0x00000000afefffff]
[    0.034524]   node   0: [mem 0x0000000100001000-0x000000013fffffff]
[    0.034553] Zeroed struct page in unavailable ranges: 1103 pages
[    0.034555] Initmem setup node 0 [mem 0x0000000000001000-0x000000013fffffff]
[    0.034557] On node 0 totalpages: 981937
[    0.034558]   DMA zone: 64 pages used for memmap
[    0.034559]   DMA zone: 21 pages reserved
[    0.034560]   DMA zone: 3997 pages, LIFO batch:0
[    0.034696]   DMA32 zone: 11185 pages used for memmap
[    0.034697]   DMA32 zone: 715797 pages, LIFO batch:63
[    0.060398]   Normal zone: 4096 pages used for memmap
[    0.060400]   Normal zone: 262143 pages, LIFO batch:63
[    0.069339] ACPI: PM-Timer IO Port: 0x808
[    0.069341] ACPI: Local APIC address 0xfee00000
[    0.069350] ACPI: LAPIC_NMI (acpi_id[0xff] high edge lint[0x1])
[    0.069359] IOAPIC[0]: apic_id 0, version 33, address 0xfec00000, GSI 0-23
[    0.069362] ACPI: INT_SRC_OVR (bus 0 bus_irq 0 global_irq 2 dfl dfl)
[    0.069363] ACPI: INT_SRC_OVR (bus 0 bus_irq 9 global_irq 9 low level)
[    0.069365] ACPI: IRQ0 used by override.
[    0.069366] ACPI: IRQ9 used by override.
[    0.069369] Using ACPI (MADT) for SMP configuration information
[    0.069371] ACPI: HPET id: 0xffffffff base: 0xfed00000
[    0.069377] smpboot: Allowing 4 CPUs, 2 hotplug CPUs
[    0.069402] PM: Registered nosave memory: [mem 0x00000000-0x00000fff]
[    0.069404] PM: Registered nosave memory: [mem 0x0009e000-0x0009efff]
[    0.069405] PM: Registered nosave memory: [mem 0x0009f000-0x0009ffff]
[    0.069406] PM: Registered nosave memory: [mem 0x000a0000-0x000dffff]
[    0.069407] PM: Registered nosave memory: [mem 0x000e0000-0x000fffff]
[    0.069409] PM: Registered nosave memory: [mem 0xafab4000-0xafb37fff]
[    0.069409] PM: Registered nosave memory: [mem 0xafb38000-0xafb48fff]
[    0.069410] PM: Registered nosave memory: [mem 0xafb49000-0xafb49fff]
[    0.069411] PM: Registered nosave memory: [mem 0xafb4a000-0xafb6ffff]
[    0.069412] PM: Registered nosave memory: [mem 0xafb70000-0xafb77fff]
[    0.069413] PM: Registered nosave memory: [mem 0xafb78000-0xafb9bfff]
[    0.069413] PM: Registered nosave memory: [mem 0xafb9c000-0xafd9efff]
[    0.069415] PM: Registered nosave memory: [mem 0xaff00000-0xfebfffff]
[    0.069416] PM: Registered nosave memory: [mem 0xfec00000-0xfec00fff]
[    0.069417] PM: Registered nosave memory: [mem 0xfec01000-0xfec0ffff]
[    0.069417] PM: Registered nosave memory: [mem 0xfec10000-0xfec10fff]
[    0.069418] PM: Registered nosave memory: [mem 0xfec11000-0xfecfffff]
[    0.069419] PM: Registered nosave memory: [mem 0xfed00000-0xfed00fff]
[    0.069420] PM: Registered nosave memory: [mem 0xfed01000-0xfed60fff]
[    0.069420] PM: Registered nosave memory: [mem 0xfed61000-0xfed70fff]
[    0.069421] PM: Registered nosave memory: [mem 0xfed71000-0xfed7ffff]
[    0.069422] PM: Registered nosave memory: [mem 0xfed80000-0xfed8ffff]
[    0.069423] PM: Registered nosave memory: [mem 0xfed90000-0xff7fffff]
[    0.069423] PM: Registered nosave memory: [mem 0xff800000-0xffffffff]
[    0.069424] PM: Registered nosave memory: [mem 0x100000000-0x100000fff]
[    0.069427] [mem 0xaff00000-0xfebfffff] available for PCI devices
[    0.069428] Booting paravirtualized kernel on bare hardware
[    0.069432] clocksource: refined-jiffies: mask: 0xffffffff max_cycles: 0xffffffff, max_idle_ns: 7645519600211568 ns
[    0.069443] random: get_random_bytes called from start_kernel+0x97/0x516 with crng_init=0
[    0.069452] setup_percpu: NR_CPUS:8192 nr_cpumask_bits:4 nr_cpu_ids:4 nr_node_ids:1
[    0.070273] percpu: Embedded 47 pages/cpu s155648 r8192 d28672 u524288
[    0.070281] pcpu-alloc: s155648 r8192 d28672 u524288 alloc=1*2097152
[    0.070283] pcpu-alloc: [0] 0 1 2 3 
[    0.070318] Built 1 zonelists, mobility grouping on.  Total pages: 966571
[    0.070319] Policy zone: Normal
[    0.070321] Kernel command line: BOOT_IMAGE=/boot/vmlinuz-5.0.0-32-generic root=UUID=a38b2f59-c200-4a34-a5c0-3f647bddef55 ro quiet splash vt.handoff=1
[    0.089238] AGP: Checking aperture...
[    0.097123] AGP: No AGP bridge found
[    0.097126] AGP: Node 0: aperture [bus addr 0xa4000000-0xa5ffffff] (32MB)
[    0.097127] Aperture pointing to e820 RAM. Ignoring.
[    0.097128] AGP: Your BIOS doesn't leave an aperture memory hole
[    0.097129] AGP: Please enable the IOMMU option in the BIOS setup
[    0.097130] AGP: This costs you 64MB of RAM
[    0.097134] AGP: Mapping aperture over RAM [mem 0xa4000000-0xa7ffffff] (65536KB)
[    0.097137] PM: Registered nosave memory: [mem 0xa4000000-0xa7ffffff]
[    0.119057] Memory: 3638352K/3927748K available (14339K kernel code, 2335K rwdata, 4408K rodata, 2588K init, 5192K bss, 289396K reserved, 0K cma-reserved)
[    0.119283] SLUB: HWalign=64, Order=0-3, MinObjects=0, CPUs=4, Nodes=1
[    0.119292] ftrace: allocating 41617 entries in 163 pages
[    0.140944] rcu: Hierarchical RCU implementation.
[    0.140946] rcu: 	RCU restricting CPUs from NR_CPUS=8192 to nr_cpu_ids=4.
[    0.140948] 	Tasks RCU enabled.
[    0.140949] rcu: RCU calculated value of scheduler-enlistment delay is 25 jiffies.
[    0.140950] rcu: Adjusting geometry for rcu_fanout_leaf=16, nr_cpu_ids=4
[    0.145148] NR_IRQS: 524544, nr_irqs: 456, preallocated irqs: 16
[    0.145509] spurious 8259A interrupt: IRQ7.
[    0.145522] vt handoff: transparent VT on vt#1
[    0.145530] Console: colour dummy device 80x25
[    0.145536] printk: console [tty0] enabled
[    0.145561] ACPI: Core revision 20181213
[    0.145563] TOSHIBA Satellite detected - force copy of DSDT to local memory
[    0.145896] clocksource: hpet: mask: 0xffffffff max_cycles: 0xffffffff, max_idle_ns: 133484873504 ns
[    0.145909] hpet clockevent registered
[    0.145914] APIC: Switch to symmetric I/O mode setup
[    0.146413] ..TIMER: vector=0x30 apic1=0 pin1=2 apic2=-1 pin2=-1
[    0.165914] clocksource: tsc-early: mask: 0xffffffffffffffff max_cycles: 0x2112098d320, max_idle_ns: 440795204566 ns
[    0.165928] Calibrating delay loop (skipped), value calculated using timer frequency.. 4588.52 BogoMIPS (lpj=9177052)
[    0.165931] pid_max: default: 32768 minimum: 301
[    0.165980] LSM: Security Framework initializing
[    0.165996] Yama: becoming mindful.
[    0.166019] AppArmor: AppArmor initialized
[    0.167368] Dentry cache hash table entries: 524288 (order: 10, 4194304 bytes)
[    0.168053] Inode-cache hash table entries: 262144 (order: 9, 2097152 bytes)
[    0.168096] Mount-cache hash table entries: 8192 (order: 4, 65536 bytes)
[    0.168120] Mountpoint-cache hash table entries: 8192 (order: 4, 65536 bytes)
[    0.168420] LVT offset 0 assigned for vector 0xf9
[    0.168424] process: using AMD E400 aware idle routine
[    0.168426] Last level iTLB entries: 4KB 512, 2MB 16, 4MB 8
[    0.168427] Last level dTLB entries: 4KB 512, 2MB 128, 4MB 64, 1GB 0
[    0.168429] Spectre V1 : Mitigation: usercopy/swapgs barriers and __user pointer sanitization
[    0.168431] Spectre V2 : Mitigation: Full AMD retpoline
[    0.168432] Spectre V2 : Spectre v2 / SpectreRSB mitigation: Filling RSB on context switch
[    0.168579] Freeing SMP alternatives memory: 36K
[    0.169925] process: System has AMD C1E enabled
[    0.278166] process: Switch to broadcast mode on CPU0
[    0.278173] smpboot: CPU0: AMD Athlon(tm) II P360 Dual-Core Processor (family: 0x10, model: 0x6, stepping: 0x3)
[    0.278334] Performance Events: AMD PMU driver.
[    0.278339] ... version:                0
[    0.278340] ... bit width:              48
[    0.278340] ... generic registers:      4
[    0.278341] ... value mask:             0000ffffffffffff
[    0.278342] ... max period:             00007fffffffffff
[    0.278342] ... fixed-purpose events:   0
[    0.278343] ... event mask:             000000000000000f
[    0.278394] rcu: Hierarchical SRCU implementation.
[    0.279218] NMI watchdog: Enabled. Permanently consumes one hw-PMU counter.
[    0.279290] smp: Bringing up secondary CPUs ...
[    0.279429] x86: Booting SMP configuration:
[    0.279431] .... node  #0, CPUs:      #1
[    0.004432] process: Switch to broadcast mode on CPU1
[    0.281561] smp: Brought up 1 node, 2 CPUs
[    0.281561] smpboot: Max logical packages: 2
[    0.281561] smpboot: Total of 2 processors activated (9177.05 BogoMIPS)
[    0.282028] devtmpfs: initialized
[    0.282028] x86/mm: Memory block size: 128MB
[    0.282582] PM: Registering ACPI NVS region [mem 0xafab4000-0xafb37fff] (540672 bytes)
[    0.282582] PM: Registering ACPI NVS region [mem 0xafb49000-0xafb49fff] (4096 bytes)
[    0.282582] PM: Registering ACPI NVS region [mem 0xafb70000-0xafb77fff] (32768 bytes)
[    0.282582] PM: Registering ACPI NVS region [mem 0xafb9c000-0xafd9efff] (2109440 bytes)
[    0.282582] clocksource: jiffies: mask: 0xffffffff max_cycles: 0xffffffff, max_idle_ns: 7645041785100000 ns
[    0.282582] futex hash table entries: 1024 (order: 4, 65536 bytes)
[    0.282582] pinctrl core: initialized pinctrl subsystem
[    0.282582] RTC time: 18:03:22, date: 2022-06-20
[    0.282582] NET: Registered protocol family 16
[    0.282582] audit: initializing netlink subsys (disabled)
[    0.282582] audit: type=2000 audit(1655748201.136:1): state=initialized audit_enabled=0 res=1
[    0.282582] EISA bus registered
[    0.282582] cpuidle: using governor ladder
[    0.282582] cpuidle: using governor menu
[    0.282582] node 0 link 0: io port [c000, ffff]
[    0.282582] TOM: 00000000c0000000 aka 3072M
[    0.282582] Fam 10h mmconf [mem 0xe0000000-0xefffffff]
[    0.282582] node 0 link 0: mmio [a0000, bffff]
[    0.282582] node 0 link 0: mmio [c0000000, cfffffff]
[    0.282582] node 0 link 0: mmio [d0000000, dfffffff]
[    0.282582] node 0 link 0: mmio [e0000000, efffffff] ==> none
[    0.282582] node 0 link 0: mmio [f0000000, ff3fffff]
[    0.282582] node 0 link 0: mmio [ff400000, ff5fffff]
[    0.282582] node 0 link 0: mmio [ff600000, ff7fffff]
[    0.282582] TOM2: 0000000140000000 aka 5120M
[    0.282582] bus: [bus 00-ff] on node 0 link 0
[    0.282582] bus: 00 [io  0x0000-0xffff]
[    0.282582] bus: 00 [mem 0x000a0000-0x000bffff]
[    0.282582] bus: 00 [mem 0xc0000000-0xdfffffff]
[    0.282582] bus: 00 [mem 0xf0000000-0xffffffff]
[    0.282582] bus: 00 [mem 0x140000000-0xfcffffffff]
[    0.282582] bus: [bus 00-04] on node 0 link 0
[    0.282582] ACPI: bus type PCI registered
[    0.282582] acpiphp: ACPI Hot Plug PCI Controller Driver version: 0.5
[    0.282582] PCI: MMCONFIG for domain 0000 [bus 00-ff] at [mem 0xe0000000-0xefffffff] (base 0xe0000000)
[    0.282582] PCI: not using MMCONFIG
[    0.282582] PCI: Using configuration type 1 for base access
[    0.282582] PCI: Using configuration type 1 for extended access
[    0.286047] HugeTLB registered 1.00 GiB page size, pre-allocated 0 pages
[    0.286047] HugeTLB registered 2.00 MiB page size, pre-allocated 0 pages
[    0.286070] ACPI: Added _OSI(Module Device)
[    0.286071] ACPI: Added _OSI(Processor Device)
[    0.286072] ACPI: Added _OSI(3.0 _SCP Extensions)
[    0.286073] ACPI: Added _OSI(Processor Aggregator Device)
[    0.286075] ACPI: Added _OSI(Linux-Dell-Video)
[    0.286076] ACPI: Added _OSI(Linux-Lenovo-NV-HDMI-Audio)
[    0.286077] ACPI: Added _OSI(Linux-HPI-Hybrid-Graphics)
[    0.286127] ACPI: Forced DSDT copy: length 0x0FCD2 copied locally, original unmapped
[    0.302142] ACPI: 2 ACPI AML tables successfully acquired and loaded
[    0.304131] ACPI: [Firmware Bug]: BIOS _OSI(Linux) query ignored
[    0.305773] ACPI: EC: EC started
[    0.305774] ACPI: EC: interrupt blocked
[    0.307812] ACPI: \_SB_.PCI0.SBRG.EC0_: Used as first EC
[    0.307815] ACPI: \_SB_.PCI0.SBRG.EC0_: GPE=0x3, EC_CMD/EC_SC=0x66, EC_DATA=0x62
[    0.307816] ACPI: \_SB_.PCI0.SBRG.EC0_: Used as boot DSDT EC to handle transactions
[    0.307817] ACPI: Interpreter enabled
[    0.307846] ACPI: (supports S0 S1 S3 S4 S5)
[    0.307847] ACPI: Using IOAPIC for interrupt routing
[    0.308113] PCI: MMCONFIG for domain 0000 [bus 00-ff] at [mem 0xe0000000-0xefffffff] (base 0xe0000000)
[    0.308179] PCI: MMCONFIG at [mem 0xe0000000-0xefffffff] reserved in ACPI motherboard resources
[    0.308198] PCI: Using host bridge windows from ACPI; if necessary, use "pci=nocrs" and report a bug
[    0.308780] ACPI: Enabled 13 GPEs in block 00 to 1F
[    0.324844] ACPI: PCI Root Bridge [PCI0] (domain 0000 [bus 00-ff])
[    0.324851] acpi PNP0A03:00: _OSC: OS supports [ExtendedConfig ASPM ClockPM Segments MSI]
[    0.325136] acpi PNP0A03:00: _OSC: platform does not support [PME LTR]
[    0.325398] acpi PNP0A03:00: _OSC: OS now controls [PCIeHotplug SHPCHotplug AER PCIeCapability]
[    0.325837] acpi PNP0A03:00: host bridge window expanded to [mem 0xafffffff-0xffffffff window]; [mem 0xafffffff-0xdfffffff window] ignored
[    0.325838] acpi PNP0A03:00: host bridge window expanded to [mem 0xafffffff-0xffffffff window]; [mem 0xf0000000-0xffffffff window] ignored
[    0.326244] PCI host bridge to bus 0000:00
[    0.326247] pci_bus 0000:00: root bus resource [io  0x0000-0x0cf7 window]
[    0.326248] pci_bus 0000:00: root bus resource [io  0x0d00-0xffff window]
[    0.326250] pci_bus 0000:00: root bus resource [mem 0x000a0000-0x000bffff window]
[    0.326251] pci_bus 0000:00: root bus resource [mem 0x000c0000-0x000fffff window]
[    0.326253] pci_bus 0000:00: root bus resource [mem 0xafffffff-0xffffffff window]
[    0.326254] pci_bus 0000:00: root bus resource [bus 00-ff]
[    0.326265] pci 0000:00:00.0: [1022:9601] type 00 class 0x060000
[    0.326425] pci 0000:00:01.0: [1179:9602] type 01 class 0x060400
[    0.326589] pci 0000:00:06.0: [1022:9606] type 01 class 0x060400
[    0.326608] pci 0000:00:06.0: enabling Extended Tags
[    0.326636] pci 0000:00:06.0: PME# supported from D0 D3hot D3cold
[    0.327266] pci 0000:00:07.0: [1022:9607] type 01 class 0x060400
[    0.327284] pci 0000:00:07.0: enabling Extended Tags
[    0.327311] pci 0000:00:07.0: PME# supported from D0 D3hot D3cold
[    0.327450] pci 0000:00:11.0: [1002:4391] type 00 class 0x010601
[    0.327471] pci 0000:00:11.0: reg 0x10: [io  0xf040-0xf047]
[    0.327480] pci 0000:00:11.0: reg 0x14: [io  0xf030-0xf033]
[    0.327488] pci 0000:00:11.0: reg 0x18: [io  0xf020-0xf027]
[    0.327497] pci 0000:00:11.0: reg 0x1c: [io  0xf010-0xf013]
[    0.327505] pci 0000:00:11.0: reg 0x20: [io  0xf000-0xf00f]
[    0.327514] pci 0000:00:11.0: reg 0x24: [mem 0xff708000-0xff7083ff]
[    0.327671] pci 0000:00:12.0: [1002:4397] type 00 class 0x0c0310
[    0.327688] pci 0000:00:12.0: reg 0x10: [mem 0xff707000-0xff707fff]
[    0.327856] pci 0000:00:12.2: [1002:4396] type 00 class 0x0c0320
[    0.327876] pci 0000:00:12.2: reg 0x10: [mem 0xff706000-0xff7060ff]
[    0.327952] pci 0000:00:12.2: supports D1 D2
[    0.327953] pci 0000:00:12.2: PME# supported from D0 D1 D2 D3hot
[    0.328091] pci 0000:00:13.0: [1002:4397] type 00 class 0x0c0310
[    0.328108] pci 0000:00:13.0: reg 0x10: [mem 0xff705000-0xff705fff]
[    0.328274] pci 0000:00:13.2: [1002:4396] type 00 class 0x0c0320
[    0.328294] pci 0000:00:13.2: reg 0x10: [mem 0xff704000-0xff7040ff]
[    0.328370] pci 0000:00:13.2: supports D1 D2
[    0.328371] pci 0000:00:13.2: PME# supported from D0 D1 D2 D3hot
[    0.328503] pci 0000:00:14.0: [1002:4385] type 00 class 0x0c0500
[    0.328684] pci 0000:00:14.2: [1002:4383] type 00 class 0x040300
[    0.328708] pci 0000:00:14.2: reg 0x10: [mem 0xff700000-0xff703fff 64bit]
[    0.328771] pci 0000:00:14.2: PME# supported from D0 D3hot D3cold
[    0.328896] pci 0000:00:14.3: [1002:439d] type 00 class 0x060100
[    0.329078] pci 0000:00:14.4: [1002:4384] type 01 class 0x060401
[    0.329235] pci 0000:00:18.0: [1022:1200] type 00 class 0x060000
[    0.329348] pci 0000:00:18.1: [1022:1201] type 00 class 0x060000
[    0.329457] pci 0000:00:18.2: [1022:1202] type 00 class 0x060000
[    0.329567] pci 0000:00:18.3: [1022:1203] type 00 class 0x060000
[    0.329678] pci 0000:00:18.4: [1022:1204] type 00 class 0x060000
[    0.329809] pci_bus 0000:01: extended config space not accessible
[    0.329852] pci 0000:01:05.0: [1002:9712] type 00 class 0x030000
[    0.329859] pci 0000:01:05.0: reg 0x10: [mem 0xc0000000-0xcfffffff pref]
[    0.329863] pci 0000:01:05.0: reg 0x14: [io  0xe000-0xe0ff]
[    0.329868] pci 0000:01:05.0: reg 0x18: [mem 0xff500000-0xff50ffff]
[    0.329877] pci 0000:01:05.0: reg 0x24: [mem 0xff400000-0xff4fffff]
[    0.329897] pci 0000:01:05.0: supports D1 D2
[    0.329984] pci 0000:00:01.0: PCI bridge to [bus 01]
[    0.329987] pci 0000:00:01.0:   bridge window [io  0xe000-0xefff]
[    0.329989] pci 0000:00:01.0:   bridge window [mem 0xff400000-0xff5fffff]
[    0.329992] pci 0000:00:01.0:   bridge window [mem 0xc0000000-0xcfffffff 64bit pref]
[    0.330051] pci 0000:02:00.0: [10ec:8176] type 00 class 0x028000
[    0.330077] pci 0000:02:00.0: reg 0x10: [io  0xd000-0xd0ff]
[    0.330101] pci 0000:02:00.0: reg 0x18: [mem 0xff600000-0xff603fff 64bit]
[    0.330210] pci 0000:02:00.0: supports D1 D2
[    0.330211] pci 0000:02:00.0: PME# supported from D0 D1 D2 D3hot D3cold
[    0.330324] pci 0000:00:06.0: PCI bridge to [bus 02]
[    0.330327] pci 0000:00:06.0:   bridge window [io  0xd000-0xdfff]
[    0.330329] pci 0000:00:06.0:   bridge window [mem 0xff600000-0xff6fffff]
[    0.330377] pci 0000:03:00.0: [10ec:8136] type 00 class 0x020000
[    0.330399] pci 0000:03:00.0: reg 0x10: [io  0xc000-0xc0ff]
[    0.330419] pci 0000:03:00.0: reg 0x18: [mem 0xd0104000-0xd0104fff 64bit pref]
[    0.330432] pci 0000:03:00.0: reg 0x20: [mem 0xd0100000-0xd0103fff 64bit pref]
[    0.330511] pci 0000:03:00.0: supports D1 D2
[    0.330512] pci 0000:03:00.0: PME# supported from D0 D1 D2 D3hot D3cold
[    0.330614] pci 0000:00:07.0: PCI bridge to [bus 03]
[    0.330616] pci 0000:00:07.0:   bridge window [io  0xc000-0xcfff]
[    0.330620] pci 0000:00:07.0:   bridge window [mem 0xd0100000-0xd01fffff 64bit pref]
[    0.330635] pci_bus 0000:04: extended config space not accessible
[    0.330696] pci 0000:00:14.4: PCI bridge to [bus 04] (subtractive decode)
[    0.330704] pci 0000:00:14.4:   bridge window [io  0x0000-0x0cf7 window] (subtractive decode)
[    0.330706] pci 0000:00:14.4:   bridge window [io  0x0d00-0xffff window] (subtractive decode)
[    0.330707] pci 0000:00:14.4:   bridge window [mem 0x000a0000-0x000bffff window] (subtractive decode)
[    0.330709] pci 0000:00:14.4:   bridge window [mem 0x000c0000-0x000fffff window] (subtractive decode)
[    0.330710] pci 0000:00:14.4:   bridge window [mem 0xafffffff-0xffffffff window] (subtractive decode)
[    0.358371] ACPI: PCI Interrupt Link [LN24] (IRQs *24)
[    0.358441] ACPI: PCI Interrupt Link [LN25] (IRQs *25)
[    0.358507] ACPI: PCI Interrupt Link [LN26] (IRQs *26)
[    0.358573] ACPI: PCI Interrupt Link [LN27] (IRQs *27)
[    0.358638] ACPI: PCI Interrupt Link [LN28] (IRQs *28)
[    0.358703] ACPI: PCI Interrupt Link [LN29] (IRQs *29)
[    0.358769] ACPI: PCI Interrupt Link [LN30] (IRQs *30)
[    0.358834] ACPI: PCI Interrupt Link [LN31] (IRQs *31)
[    0.358900] ACPI: PCI Interrupt Link [LN32] (IRQs *32)
[    0.358965] ACPI: PCI Interrupt Link [LN33] (IRQs *33)
[    0.359031] ACPI: PCI Interrupt Link [LN34] (IRQs *34)
[    0.359096] ACPI: PCI Interrupt Link [LN35] (IRQs *35)
[    0.359162] ACPI: PCI Interrupt Link [LN36] (IRQs *36)
[    0.359228] ACPI: PCI Interrupt Link [LN37] (IRQs *37)
[    0.359293] ACPI: PCI Interrupt Link [LN38] (IRQs *38)
[    0.359361] ACPI: PCI Interrupt Link [LN39] (IRQs *39)
[    0.359426] ACPI: PCI Interrupt Link [LN40] (IRQs *40)
[    0.359492] ACPI: PCI Interrupt Link [LN41] (IRQs *41)
[    0.359558] ACPI: PCI Interrupt Link [LN42] (IRQs *42)
[    0.359625] ACPI: PCI Interrupt Link [LN43] (IRQs *43)
[    0.359692] ACPI: PCI Interrupt Link [LN44] (IRQs *44)
[    0.359759] ACPI: PCI Interrupt Link [LN45] (IRQs *45)
[    0.359824] ACPI: PCI Interrupt Link [LN46] (IRQs *46)
[    0.359890] ACPI: PCI Interrupt Link [LN47] (IRQs *47)
[    0.359955] ACPI: PCI Interrupt Link [LN48] (IRQs *48)
[    0.360022] ACPI: PCI Interrupt Link [LN49] (IRQs *49)
[    0.360088] ACPI: PCI Interrupt Link [LN50] (IRQs *50)
[    0.360155] ACPI: PCI Interrupt Link [LN51] (IRQs *51)
[    0.360224] ACPI: PCI Interrupt Link [LN52] (IRQs *52)
[    0.360289] ACPI: PCI Interrupt Link [LN53] (IRQs *53)
[    0.360355] ACPI: PCI Interrupt Link [LN54] (IRQs *54)
[    0.360420] ACPI: PCI Interrupt Link [LN55] (IRQs *55)
[    0.360536] ACPI: PCI Interrupt Link [LNKA] (IRQs 4 7 10 11 14 15) *0
[    0.360659] ACPI: PCI Interrupt Link [LNKB] (IRQs 4 7 10 11 14 15) *0
[    0.360783] ACPI: PCI Interrupt Link [LNKC] (IRQs 4 7 10 11 14 15) *0
[    0.360905] ACPI: PCI Interrupt Link [LNKD] (IRQs 4 7 10 11 14 15) *0
[    0.361005] ACPI: PCI Interrupt Link [LNKE] (IRQs 4 7 10 11 14 15) *0
[    0.361084] ACPI: PCI Interrupt Link [LNKF] (IRQs 4 7 10 11 14 15) *0
[    0.361162] ACPI: PCI Interrupt Link [LNKG] (IRQs 4 7 10 11 14 15) *0
[    0.361240] ACPI: PCI Interrupt Link [LNKH] (IRQs 4 7 10 11 14 15) *0
[    0.362434] ACPI: EC: interrupt unblocked
[    0.362449] ACPI: EC: event unblocked
[    0.362456] ACPI: \_SB_.PCI0.SBRG.EC0_: GPE=0x3, EC_CMD/EC_SC=0x66, EC_DATA=0x62
[    0.362458] ACPI: \_SB_.PCI0.SBRG.EC0_: Used as boot DSDT EC to handle transactions and events
[    0.362579] SCSI subsystem initialized
[    0.362579] libata version 3.00 loaded.
[    0.362579] pci 0000:01:05.0: vgaarb: setting as boot VGA device
[    0.362579] pci 0000:01:05.0: vgaarb: VGA device added: decodes=io+mem,owns=io+mem,locks=none
[    0.362579] pci 0000:01:05.0: vgaarb: bridge control possible
[    0.362579] vgaarb: loaded
[    0.362579] ACPI: bus type USB registered
[    0.362579] usbcore: registered new interface driver usbfs
[    0.362579] usbcore: registered new interface driver hub
[    0.362579] usbcore: registered new device driver usb
[    0.362579] pps_core: LinuxPPS API ver. 1 registered
[    0.362579] pps_core: Software ver. 5.3.6 - Copyright 2005-2007 Rodolfo Giometti <giometti@linux.it>
[    0.362579] PTP clock support registered
[    0.362579] EDAC MC: Ver: 3.0.0
[    0.362579] PCI: Using ACPI for IRQ routing
[    0.371343] PCI: pci_cache_line_size set to 64 bytes
[    0.371390] e820: reserve RAM buffer [mem 0x0009ec00-0x0009ffff]
[    0.371392] e820: reserve RAM buffer [mem 0xafab4000-0xafffffff]
[    0.371393] e820: reserve RAM buffer [mem 0xaff00000-0xafffffff]
[    0.371528] NetLabel: Initializing
[    0.371528] NetLabel:  domain hash size = 128
[    0.371529] NetLabel:  protocols = UNLABELED CIPSOv4 CALIPSO
[    0.371545] NetLabel:  unlabeled traffic allowed by default
[    0.371567] hpet0: at MMIO 0xfed00000, IRQs 2, 8, 0
[    0.371567] hpet0: 3 comparators, 32-bit 14.318180 MHz counter
[    0.372079] clocksource: Switched to clocksource tsc-early
[    0.387018] VFS: Disk quotas dquot_6.6.0
[    0.387040] VFS: Dquot-cache hash table entries: 512 (order 0, 4096 bytes)
[    0.387184] AppArmor: AppArmor Filesystem Enabled
[    0.387222] pnp: PnP ACPI init
[    0.387407] system 00:00: [mem 0xe0000000-0xefffffff] has been reserved
[    0.387413] system 00:00: Plug and Play ACPI device, IDs PNP0c01 (active)
[    0.387900] system 00:01: [io  0x04d0-0x04d1] has been reserved
[    0.387901] system 00:01: [io  0x040b] has been reserved
[    0.387903] system 00:01: [io  0x04d6] has been reserved
[    0.387906] system 00:01: [io  0x0c00-0x0c01] has been reserved
[    0.387908] system 00:01: [io  0x0c14] has been reserved
[    0.387909] system 00:01: [io  0x0c50-0x0c51] has been reserved
[    0.387911] system 00:01: [io  0x0c52] has been reserved
[    0.387912] system 00:01: [io  0x0c6c] has been reserved
[    0.387913] system 00:01: [io  0x0c6f] has been reserved
[    0.387915] system 00:01: [io  0x0cd0-0x0cd1] has been reserved
[    0.387916] system 00:01: [io  0x0cd2-0x0cd3] has been reserved
[    0.387918] system 00:01: [io  0x0cd4-0x0cd5] has been reserved
[    0.387919] system 00:01: [io  0x0cd6-0x0cd7] has been reserved
[    0.387921] system 00:01: [io  0x0cd8-0x0cdf] has been reserved
[    0.387922] system 00:01: [io  0x0800-0x089f] has been reserved
[    0.387924] system 00:01: [io  0x0b20-0x0b3f] has been reserved
[    0.387925] system 00:01: [io  0x0900-0x090f] has been reserved
[    0.387927] system 00:01: [io  0x0910-0x091f] has been reserved
[    0.387929] system 00:01: [io  0xfe00-0xfefe] has been reserved
[    0.387931] system 00:01: [mem 0xfec00000-0xfec00fff] could not be reserved
[    0.387933] system 00:01: [mem 0xfee00000-0xfee00fff] has been reserved
[    0.387935] system 00:01: [mem 0xfed80000-0xfed8ffff] has been reserved
[    0.387936] system 00:01: [mem 0xfed61000-0xfed70fff] has been reserved
[    0.387938] system 00:01: [mem 0xfec10000-0xfec10fff] has been reserved
[    0.387940] system 00:01: [mem 0xfed00000-0xfed00fff] could not be reserved
[    0.387942] system 00:01: [mem 0xff800000-0xffffffff] has been reserved
[    0.387946] system 00:01: Plug and Play ACPI device, IDs PNP0c02 (active)
[    0.387983] pnp 00:02: Plug and Play ACPI device, IDs PNP0b00 (active)
[    0.388050] system 00:03: [io  0x04d0-0x04d1] has been reserved
[    0.388053] system 00:03: [io  0xfd60-0xfd6f] has been reserved
[    0.388057] system 00:03: Plug and Play ACPI device, IDs PNP0c02 (active)
[    0.388110] pnp 00:04: Plug and Play ACPI device, IDs PNP0303 PNP030b (active)
[    0.388161] system 00:05: Plug and Play ACPI device, IDs PNP0c02 (active)
[    0.430200] pnp 00:06: Plug and Play ACPI device, IDs TOS0100 SYN0700 SYN0002 PNP0f13 (active)
[    0.430437] system 00:07: [mem 0xb0000000-0xbfffffff] has been reserved
[    0.430443] system 00:07: Plug and Play ACPI device, IDs PNP0c02 (active)
[    0.431879] pnp: PnP ACPI: found 8 devices
[    0.438366] clocksource: acpi_pm: mask: 0xffffff max_cycles: 0xffffff, max_idle_ns: 2085701024 ns
[    0.438399] pci 0000:00:01.0: PCI bridge to [bus 01]
[    0.438402] pci 0000:00:01.0:   bridge window [io  0xe000-0xefff]
[    0.438405] pci 0000:00:01.0:   bridge window [mem 0xff400000-0xff5fffff]
[    0.438407] pci 0000:00:01.0:   bridge window [mem 0xc0000000-0xcfffffff 64bit pref]
[    0.438410] pci 0000:00:06.0: PCI bridge to [bus 02]
[    0.438412] pci 0000:00:06.0:   bridge window [io  0xd000-0xdfff]
[    0.438414] pci 0000:00:06.0:   bridge window [mem 0xff600000-0xff6fffff]
[    0.438418] pci 0000:00:07.0: PCI bridge to [bus 03]
[    0.438420] pci 0000:00:07.0:   bridge window [io  0xc000-0xcfff]
[    0.438423] pci 0000:00:07.0:   bridge window [mem 0xd0100000-0xd01fffff 64bit pref]
[    0.438427] pci 0000:00:14.4: PCI bridge to [bus 04]
[    0.438439] pci_bus 0000:00: resource 4 [io  0x0000-0x0cf7 window]
[    0.438441] pci_bus 0000:00: resource 5 [io  0x0d00-0xffff window]
[    0.438442] pci_bus 0000:00: resource 6 [mem 0x000a0000-0x000bffff window]
[    0.438444] pci_bus 0000:00: resource 7 [mem 0x000c0000-0x000fffff window]
[    0.438445] pci_bus 0000:00: resource 8 [mem 0xafffffff-0xffffffff window]
[    0.438447] pci_bus 0000:01: resource 0 [io  0xe000-0xefff]
[    0.438448] pci_bus 0000:01: resource 1 [mem 0xff400000-0xff5fffff]
[    0.438449] pci_bus 0000:01: resource 2 [mem 0xc0000000-0xcfffffff 64bit pref]
[    0.438451] pci_bus 0000:02: resource 0 [io  0xd000-0xdfff]
[    0.438452] pci_bus 0000:02: resource 1 [mem 0xff600000-0xff6fffff]
[    0.438453] pci_bus 0000:03: resource 0 [io  0xc000-0xcfff]
[    0.438455] pci_bus 0000:03: resource 2 [mem 0xd0100000-0xd01fffff 64bit pref]
[    0.438457] pci_bus 0000:04: resource 4 [io  0x0000-0x0cf7 window]
[    0.438458] pci_bus 0000:04: resource 5 [io  0x0d00-0xffff window]
[    0.438459] pci_bus 0000:04: resource 6 [mem 0x000a0000-0x000bffff window]
[    0.438461] pci_bus 0000:04: resource 7 [mem 0x000c0000-0x000fffff window]
[    0.438462] pci_bus 0000:04: resource 8 [mem 0xafffffff-0xffffffff window]
[    0.438644] NET: Registered protocol family 2
[    0.438857] tcp_listen_portaddr_hash hash table entries: 2048 (order: 3, 32768 bytes)
[    0.438888] TCP established hash table entries: 32768 (order: 6, 262144 bytes)
[    0.438997] TCP bind hash table entries: 32768 (order: 7, 524288 bytes)
[    0.439150] TCP: Hash tables configured (established 32768 bind 32768)
[    0.439232] UDP hash table entries: 2048 (order: 4, 65536 bytes)
[    0.439264] UDP-Lite hash table entries: 2048 (order: 4, 65536 bytes)
[    0.439407] NET: Registered protocol family 1
[    0.439414] NET: Registered protocol family 44
[    0.439422] pci 0000:00:01.0: MSI quirk detected; subordinate MSI disabled
[    0.510275] pci 0000:00:12.0: quirk_usb_early_handoff+0x0/0x6a0 took 69168 usecs
[    0.538272] pci 0000:00:13.0: quirk_usb_early_handoff+0x0/0x6a0 took 27059 usecs
[    0.538567] pci 0000:01:05.0: Video device with shadowed ROM at [mem 0x000c0000-0x000dffff]
[    0.538574] PCI: CLS 64 bytes, default 64
[    0.538636] Unpacking initramfs...
[    1.218025] random: fast init done
[    1.666850] Freeing initrd memory: 62404K
[    1.667357] PCI-DMA: Disabling AGP.
[    1.667434] PCI-DMA: aperture base @ a4000000 size 65536 KB
[    1.667435] PCI-DMA: using GART IOMMU.
[    1.667437] PCI-DMA: Reserving 64MB of IOMMU area in the AGP aperture
[    1.669479] LVT offset 1 assigned for vector 0x400
[    1.669489] LVT offset 1 assigned
[    1.669560] perf: AMD IBS detected (0x0000001f)
[    1.669630] check: Scanning for low memory corruption every 60 seconds
[    1.670456] Initialise system trusted keyrings
[    1.670467] Key type blacklist registered
[    1.670600] workingset: timestamp_bits=36 max_order=20 bucket_order=0
[    1.672493] zbud: loaded
[    1.673163] squashfs: version 4.0 (2009/01/31) Phillip Lougher
[    1.673540] fuse init (API version 7.28)
[    1.725682] Key type asymmetric registered
[    1.725684] Asymmetric key parser 'x509' registered
[    1.725709] Block layer SCSI generic (bsg) driver version 0.4 loaded (major 243)
[    1.725826] io scheduler mq-deadline registered
[    1.726756] shpchp: Standard Hot Plug PCI Controller Driver version: 0.4
[    1.726843] vesafb: mode is 1024x768x32, linelength=4096, pages=0
[    1.726843] vesafb: scrolling: redraw
[    1.726845] vesafb: Truecolor: size=0:8:8:8, shift=0:16:8:0
[    1.726861] vesafb: framebuffer at 0xc0000000, mapped to 0x(____ptrval____), using 3072k, total 3072k
[    1.727050] Console: switching to colour frame buffer device 128x48
[    1.727072] fb0: VESA VGA frame buffer device
[    1.727274] ACPI: AC Adapter [ACAD] (on-line)
[    1.727354] input: Power Button as /devices/LNXSYSTM:00/LNXSYBUS:00/PNP0C0C:00/input/input0
[    1.727362] ACPI: Power Button [PWRB]
[    1.727406] input: Lid Switch as /devices/LNXSYSTM:00/LNXSYBUS:00/PNP0C0D:00/input/input1
[    1.727428] ACPI: Lid Switch [LID]
[    1.727465] input: Power Button as /devices/LNXSYSTM:00/LNXPWRBN:00/input/input2
[    1.727473] ACPI: Power Button [PWRF]
[    1.727543] ACPI: ACPI: processor limited to max C-state 1
[    1.728100] Serial: 8250/16550 driver, 32 ports, IRQ sharing enabled
[    1.731241] Linux agpgart interface v0.103
[    1.734350] loop: module loaded
[    1.734697] libphy: Fixed MDIO Bus: probed
[    1.734699] tun: Universal TUN/TAP device driver, 1.6
[    1.734800] PPP generic driver version 2.4.2
[    1.734898] ehci_hcd: USB 2.0 'Enhanced' Host Controller (EHCI) Driver
[    1.734911] ehci-pci: EHCI PCI platform driver
[    1.735175] QUIRK: Enable AMD PLL fix
[    1.735203] ehci-pci 0000:00:12.2: EHCI Host Controller
[    1.735211] ehci-pci 0000:00:12.2: new USB bus registered, assigned bus number 1
[    1.735217] ehci-pci 0000:00:12.2: applying AMD SB700/SB800/Hudson-2/3 EHCI dummy qh workaround
[    1.735226] ehci-pci 0000:00:12.2: debug port 1
[    1.735279] ehci-pci 0000:00:12.2: irq 17, io mem 0xff706000
[    1.750035] ehci-pci 0000:00:12.2: USB 2.0 started, EHCI 1.00
[    1.750125] usb usb1: New USB device found, idVendor=1d6b, idProduct=0002, bcdDevice= 5.00
[    1.750127] usb usb1: New USB device strings: Mfr=3, Product=2, SerialNumber=1
[    1.750128] usb usb1: Product: EHCI Host Controller
[    1.750130] usb usb1: Manufacturer: Linux 5.0.0-32-generic ehci_hcd
[    1.750131] usb usb1: SerialNumber: 0000:00:12.2
[    1.750331] hub 1-0:1.0: USB hub found
[    1.750341] hub 1-0:1.0: 5 ports detected
[    1.750762] ehci-pci 0000:00:13.2: EHCI Host Controller
[    1.750768] ehci-pci 0000:00:13.2: new USB bus registered, assigned bus number 2
[    1.750772] ehci-pci 0000:00:13.2: applying AMD SB700/SB800/Hudson-2/3 EHCI dummy qh workaround
[    1.750782] ehci-pci 0000:00:13.2: debug port 1
[    1.750820] ehci-pci 0000:00:13.2: irq 17, io mem 0xff704000
[    1.766036] ehci-pci 0000:00:13.2: USB 2.0 started, EHCI 1.00
[    1.766117] usb usb2: New USB device found, idVendor=1d6b, idProduct=0002, bcdDevice= 5.00
[    1.766119] usb usb2: New USB device strings: Mfr=3, Product=2, SerialNumber=1
[    1.766120] usb usb2: Product: EHCI Host Controller
[    1.766122] usb usb2: Manufacturer: Linux 5.0.0-32-generic ehci_hcd
[    1.766123] usb usb2: SerialNumber: 0000:00:13.2
[    1.766336] hub 2-0:1.0: USB hub found
[    1.766344] hub 2-0:1.0: 5 ports detected
[    1.766618] ehci-platform: EHCI generic platform driver
[    1.766641] ohci_hcd: USB 1.1 'Open' Host Controller (OHCI) Driver
[    1.766655] ohci-pci: OHCI PCI platform driver
[    1.766902] ohci-pci 0000:00:12.0: OHCI PCI host controller
[    1.766915] ohci-pci 0000:00:12.0: new USB bus registered, assigned bus number 3
[    1.766966] ohci-pci 0000:00:12.0: irq 18, io mem 0xff707000
[    1.830066] usb usb3: New USB device found, idVendor=1d6b, idProduct=0001, bcdDevice= 5.00
[    1.830068] usb usb3: New USB device strings: Mfr=3, Product=2, SerialNumber=1
[    1.830070] usb usb3: Product: OHCI PCI host controller
[    1.830071] usb usb3: Manufacturer: Linux 5.0.0-32-generic ohci_hcd
[    1.830072] usb usb3: SerialNumber: 0000:00:12.0
[    1.830231] hub 3-0:1.0: USB hub found
[    1.830241] hub 3-0:1.0: 5 ports detected
[    1.830637] ohci-pci 0000:00:13.0: OHCI PCI host controller
[    1.830643] ohci-pci 0000:00:13.0: new USB bus registered, assigned bus number 4
[    1.830671] ohci-pci 0000:00:13.0: irq 18, io mem 0xff705000
[    1.894100] usb usb4: New USB device found, idVendor=1d6b, idProduct=0001, bcdDevice= 5.00
[    1.894102] usb usb4: New USB device strings: Mfr=3, Product=2, SerialNumber=1
[    1.894104] usb usb4: Product: OHCI PCI host controller
[    1.894105] usb usb4: Manufacturer: Linux 5.0.0-32-generic ohci_hcd
[    1.894106] usb usb4: SerialNumber: 0000:00:13.0
[    1.894330] hub 4-0:1.0: USB hub found
[    1.894344] hub 4-0:1.0: 5 ports detected
[    1.894605] ohci-platform: OHCI generic platform driver
[    1.894623] uhci_hcd: USB Universal Host Controller Interface driver
[    1.894725] i8042: PNP: PS/2 Controller [PNP0303:PS2K,PNP0f13:PS2M] at 0x60,0x64 irq 1,12
[    1.937596] serio: i8042 KBD port at 0x60,0x64 irq 1
[    1.937602] serio: i8042 AUX port at 0x60,0x64 irq 12
[    1.937816] mousedev: PS/2 mouse device common for all mice
[    1.939242] rtc_cmos 00:02: RTC can wake from S4
[    1.939434] rtc_cmos 00:02: registered as rtc0
[    1.939466] rtc_cmos 00:02: alarms up to one month, y3k, 114 bytes nvram, hpet irqs
[    1.939475] i2c /dev entries driver
[    1.939586] device-mapper: uevent: version 1.0.3
[    1.939693] device-mapper: ioctl: 4.39.0-ioctl (2018-04-03) initialised: dm-devel@redhat.com
[    1.939716] platform eisa.0: Probing EISA bus 0
[    1.939718] platform eisa.0: EISA: Cannot allocate resource for mainboard
[    1.939720] platform eisa.0: Cannot allocate resource for EISA slot 1
[    1.939721] platform eisa.0: Cannot allocate resource for EISA slot 2
[    1.939723] platform eisa.0: Cannot allocate resource for EISA slot 3
[    1.939724] platform eisa.0: Cannot allocate resource for EISA slot 4
[    1.939725] platform eisa.0: Cannot allocate resource for EISA slot 5
[    1.939726] platform eisa.0: Cannot allocate resource for EISA slot 6
[    1.939727] platform eisa.0: Cannot allocate resource for EISA slot 7
[    1.939729] platform eisa.0: Cannot allocate resource for EISA slot 8
[    1.939730] platform eisa.0: EISA: Detected 0 cards
[    1.939775] ledtrig-cpu: registered to indicate activity on CPUs
[    1.940053] NET: Registered protocol family 10
[    1.947483] Segment Routing with IPv6
[    1.947515] NET: Registered protocol family 17
[    1.947599] Key type dns_resolver registered
[    1.947947] mce: Using 6 MCE banks
[    1.947969] RAS: Correctable Errors collector initialized.
[    1.948018] microcode: CPU0: patch_level=0x010000b6
[    1.948035] microcode: CPU1: patch_level=0x010000b6
[    1.948129] microcode: Microcode Update Driver: v2.2.
[    1.948146] sched_clock: Marking stable (1947682498, 432317)->(1956301082, -8186267)
[    1.948364] registered taskstats version 1
[    1.948375] Loading compiled-in X.509 certificates
[    1.951024] Loaded X.509 cert 'Build time autogenerated kernel key: 8248cf0f90a942a6d35391b2654e2baeb494e1df'
[    1.951066] zswap: loaded using pool lzo/zbud
[    1.958180] Key type big_key registered
[    1.958189] Key type trusted registered
[    1.961729] Key type encrypted registered
[    1.961738] AppArmor: AppArmor sha1 policy hashing enabled
[    1.961751] ima: No TPM chip found, activating TPM-bypass!
[    1.961758] ima: Allocated hash algorithm: sha1
[    1.961765] No architecture policies found
[    1.961776] evm: Initialising EVM extended attributes:
[    1.961776] evm: security.selinux
[    1.961777] evm: security.SMACK64
[    1.961777] evm: security.SMACK64EXEC
[    1.961778] evm: security.SMACK64TRANSMUTE
[    1.961778] evm: security.SMACK64MMAP
[    1.961779] evm: security.apparmor
[    1.961779] evm: security.ima
[    1.961780] evm: security.capability
[    1.961780] evm: HMAC attrs: 0x1
[    1.962845]   Magic number: 10:924:89
[    1.962991] rtc_cmos 00:02: setting system clock to 2022-06-20T18:03:23 UTC (1655748203)
[    1.963163] acpi_cpufreq: overriding BIOS provided _PSD data
[    1.978955] input: AT Translated Set 2 keyboard as /devices/platform/i8042/serio0/input/input3
[    2.102023] usb 2-1: new high-speed USB device number 2 using ehci-pci
[    2.102106] battery: [Firmware Bug]: battery: (dis)charge rate invalid.
[    2.102170] battery: ACPI: Battery Slot [BAT1] (battery present)
[    2.105042] Freeing unused decrypted memory: 2040K
[    2.106074] Freeing unused kernel image memory: 2588K
[    2.118029] Write protecting the kernel read-only data: 22528k
[    2.118946] Freeing unused kernel image memory: 2016K
[    2.119621] Freeing unused kernel image memory: 1736K
[    2.137299] x86/mm: Checked W+X mappings: passed, no W+X pages found.
[    2.137308] Run /init as init process
[    2.158918] random: systemd-udevd: uninitialized urandom read (16 bytes read)
[    2.159024] random: systemd-udevd: uninitialized urandom read (16 bytes read)
[    2.159031] random: systemd-udevd: uninitialized urandom read (16 bytes read)
[    2.275331] ACPI: Video Device [VGA] (multi-head: yes  rom: no  post: no)
[    2.289565] ahci 0000:00:11.0: version 3.0
[    2.289916] ahci 0000:00:11.0: AHCI 0001.0200 32 slots 6 ports 3 Gbps 0x3f impl SATA mode
[    2.289970] ahci 0000:00:11.0: flags: 64bit ncq sntf ilck pm led clo pmp pio slum part sxs 
[    2.292080] scsi host0: ahci
[    2.292360] scsi host1: ahci
[    2.292589] scsi host2: ahci
[    2.292828] scsi host3: ahci
[    2.293062] scsi host4: ahci
[    2.293313] scsi host5: ahci
[    2.293432] ata1: SATA max UDMA/133 abar m1024@0xff708000 port 0xff708100 irq 24
[    2.293435] ata2: SATA max UDMA/133 abar m1024@0xff708000 port 0xff708180 irq 24
[    2.293438] ata3: SATA max UDMA/133 abar m1024@0xff708000 port 0xff708200 irq 24
[    2.293440] ata4: SATA max UDMA/133 abar m1024@0xff708000 port 0xff708280 irq 24
[    2.293442] ata5: SATA max UDMA/133 abar m1024@0xff708000 port 0xff708300 irq 24
[    2.293444] ata6: SATA max UDMA/133 abar m1024@0xff708000 port 0xff708380 irq 24
[    2.311420] piix4_smbus 0000:00:14.0: SMBus Host Controller at 0xb00, revision 0
[    2.311428] piix4_smbus 0000:00:14.0: Using register 0x2c for SMBus port selection
[    2.311858] piix4_smbus 0000:00:14.0: Auxiliary SMBus Host Controller at 0xb20
[    2.314070] acpi device:18: registered as cooling_device2
[    2.314179] input: Video Bus as /devices/LNXSYSTM:00/LNXSYBUS:00/PNP0A03:00/device:16/LNXVIDEO:00/input/input5
[    2.320745] libphy: r8169: probed
[    2.320946] r8169 0000:03:00.0 eth0: RTL8105e, 1c:75:08:7b:16:94, XID 409, IRQ 25
[    2.373505] r8169 0000:03:00.0 enp3s0: renamed from eth0
[    2.376026] [drm] radeon kernel modesetting enabled.
[    2.376134] checking generic (c0000000 300000) vs hw (c0000000 10000000)
[    2.376137] fb0: switching to radeondrmfb from VESA VGA
[    2.376165] Console: switching to colour dummy device 80x25
[    2.376607] [drm] initializing kernel modesetting (RS880 0x1002:0x9712 0x1179:0xFD3C 0x00).
[    2.376688] ATOM BIOS: Tos_Hamburg
[    2.376709] radeon 0000:01:05.0: VRAM: 256M 0x00000000C0000000 - 0x00000000CFFFFFFF (256M used)
[    2.376711] radeon 0000:01:05.0: GTT: 512M 0x00000000A0000000 - 0x00000000BFFFFFFF
[    2.376717] [drm] Detected VRAM RAM=256M, BAR=256M
[    2.376717] [drm] RAM width 32bits DDR
[    2.376839] [TTM] Zone  kernel: Available graphics memory: 1887546 kiB
[    2.376839] [TTM] Initializing pool allocator
[    2.376845] [TTM] Initializing DMA pool allocator
[    2.376873] [drm] radeon: 256M of VRAM memory ready
[    2.376874] [drm] radeon: 512M of GTT memory ready.
[    2.376881] [drm] Loading RS780 Microcode
[    2.376956] [drm] radeon: power management initialized
[    2.377049] [drm] GART: num cpu pages 131072, num gpu pages 131072
[    2.385402] [drm] PCIE GART of 512M enabled (table at 0x00000000C0146000).
[    2.385466] radeon 0000:01:05.0: WB enabled
[    2.385469] radeon 0000:01:05.0: fence driver on ring 0 use gpu addr 0x00000000a0000c00 and cpu addr 0x(____ptrval____)
[    2.388229] radeon 0000:01:05.0: fence driver on ring 5 use gpu addr 0x00000000c0056038 and cpu addr 0x(____ptrval____)
[    2.388231] [drm] Supports vblank timestamp caching Rev 2 (21.10.2013).
[    2.388232] [drm] Driver supports precise vblank timestamp query.
[    2.388233] radeon 0000:01:05.0: radeon: MSI limited to 32-bit
[    2.388251] [drm] radeon: irq initialized.
[    2.420291] [drm] ring test on 0 succeeded in 1 usecs
[    2.425971] usb 3-2: new full-speed USB device number 2 using ohci-pci
[    2.595012] [drm] ring test on 5 succeeded in 1 usecs
[    2.595016] [drm] UVD initialized successfully.
[    2.595124] [drm] ib test on ring 0 succeeded in 0 usecs
[    2.607415] ata3: SATA link down (SStatus 0 SControl 300)
[    2.615596] ata4: SATA link down (SStatus 0 SControl 300)
[    2.615633] ata5: SATA link down (SStatus 0 SControl 300)
[    2.615661] ata6: SATA link down (SStatus 0 SControl 300)
[    2.641116] usb 3-2: New USB device found, idVendor=145f, idProduct=02b5, bcdDevice= 0.02
[    2.641119] usb 3-2: New USB device strings: Mfr=1, Product=2, SerialNumber=0
[    2.641120] usb 3-2: Product: Trust Wireless Mouse
[    2.641122] usb 3-2: Manufacturer: YICHIP
[    2.673995] tsc: Refined TSC clocksource calibration: 2294.254 MHz
[    2.674002] clocksource: tsc: mask: 0xffffffffffffffff max_cycles: 0x21120101e4c, max_idle_ns: 440795227753 ns
[    2.743966] clocksource: Switched to clocksource tsc
[    2.746245] usb 2-1: New USB device found, idVendor=0bda, idProduct=0138, bcdDevice=38.82
[    2.746248] usb 2-1: New USB device strings: Mfr=1, Product=2, SerialNumber=3
[    2.746250] usb 2-1: Product: USB2.0-CRW
[    2.746251] usb 2-1: Manufacturer: Generic
[    2.746252] usb 2-1: SerialNumber: 20090516388200000
[    2.750737] hidraw: raw HID events driver (C) Jiri Kosina
[    2.765999] ata1: SATA link up 3.0 Gbps (SStatus 123 SControl 300)
[    2.766030] ata2: SATA link up 1.5 Gbps (SStatus 113 SControl 300)
[    2.776492] usbcore: registered new interface driver usbhid
[    2.776494] usbhid: USB HID core driver
[    2.779478] ata1.00: ATA-10: AS25 120GB, V8X11c79, max UDMA/133
[    2.779481] ata1.00: 234441648 sectors, multi 16: LBA48 NCQ (depth 32), AA
[    2.782739] ata2.00: ATAPI: TSSTcorp CDDVDW TS-L633C, TF20, max UDMA/100
[    2.795736] ata1.00: configured for UDMA/133
[    2.796077] scsi 0:0:0:0: Direct-Access     ATA      AS25 120GB       1c79 PQ: 0 ANSI: 5
[    2.796530] sd 0:0:0:0: [sda] 234441648 512-byte logical blocks: (120 GB/112 GiB)
[    2.796542] sd 0:0:0:0: [sda] Write Protect is off
[    2.796544] sd 0:0:0:0: [sda] Mode Sense: 00 3a 00 00
[    2.796563] sd 0:0:0:0: [sda] Write cache: enabled, read cache: enabled, doesn't support DPO or FUA
[    2.796872] sd 0:0:0:0: Attached scsi generic sg0 type 0
[    2.797355]  sda: sda1
[    2.797781] sd 0:0:0:0: [sda] Attached SCSI disk
[    2.800517] ata2.00: configured for UDMA/100
[    2.803408] hid-generic 0003:145F:02B5.0001: hiddev0,hidraw0: USB HID v2.00 Device [YICHIP Trust Wireless Mouse] on usb-0000:00:12.0-2/input0
[    2.803877] input: YICHIP Trust Wireless Mouse as /devices/pci0000:00/0000:00:12.0/usb3/3-2/3-2:1.1/0003:145F:02B5.0002/input/input7
[    2.803979] input: YICHIP Trust Wireless Mouse System Control as /devices/pci0000:00/0000:00:12.0/usb3/3-2/3-2:1.1/0003:145F:02B5.0002/input/input8
[    2.805233] scsi 1:0:0:0: CD-ROM            TSSTcorp CDDVDW TS-L633C  TF20 PQ: 0 ANSI: 5
[    2.862189] input: YICHIP Trust Wireless Mouse Consumer Control as /devices/pci0000:00/0000:00:12.0/usb3/3-2/3-2:1.1/0003:145F:02B5.0002/input/input9
[    2.862321] hid-generic 0003:145F:02B5.0002: input,hiddev1,hidraw1: USB HID v2.00 Mouse [YICHIP Trust Wireless Mouse] on usb-0000:00:12.0-2/input1
[    2.867385] sr 1:0:0:0: [sr0] scsi3-mmc drive: 24x/24x writer dvd-ram cd/rw xa/form2 cdda tray
[    2.867388] cdrom: Uniform CD-ROM driver Revision: 3.20
[    2.867672] sr 1:0:0:0: Attached scsi CD-ROM sr0
[    2.867750] sr 1:0:0:0: Attached scsi generic sg1 type 5
[    2.882026] usb 2-5: new high-speed USB device number 3 using ehci-pci
[    3.249985] [drm] ib test on ring 5 succeeded
[    3.250555] [drm] radeon atom DIG backlight initialized
[    3.250556] [drm] Radeon Display Connectors
[    3.250557] [drm] Connector 0:
[    3.250557] [drm]   VGA-1
[    3.250559] [drm]   DDC: 0x7e40 0x7e40 0x7e44 0x7e44 0x7e48 0x7e48 0x7e4c 0x7e4c
[    3.250559] [drm]   Encoders:
[    3.250560] [drm]     CRT1: INTERNAL_KLDSCP_DAC1
[    3.250561] [drm] Connector 1:
[    3.250561] [drm]   LVDS-1
[    3.250562] [drm]   DDC: 0x7e50 0x7e50 0x7e54 0x7e54 0x7e58 0x7e58 0x7e5c 0x7e5c
[    3.250563] [drm]   Encoders:
[    3.250563] [drm]     LCD1: INTERNAL_KLDSCP_LVTMA
[    3.785658] psmouse serio1: synaptics: queried max coordinates: x [..5692], y [..4680]
[    3.898463] usb 2-5: New USB device found, idVendor=0bda, idProduct=5801, bcdDevice= 8.13
[    3.898466] usb 2-5: New USB device strings: Mfr=3, Product=1, SerialNumber=2
[    3.898468] usb 2-5: Product: USB Camera
[    3.898469] usb 2-5: Manufacturer: XTACH3LT
[    3.898470] usb 2-5: SerialNumber: 200901010001
[    3.910044] usbcore: registered new interface driver usb-storage
[    3.912025] usbcore: registered new interface driver uas
[    3.913856] ums-realtek 2-1:1.0: USB Mass Storage device detected
[    3.918109] scsi host6: usb-storage 2-1:1.0
[    3.918236] usbcore: registered new interface driver ums-realtek
[    3.974215] psmouse serio1: synaptics: Touchpad model: 1, fw: 7.2, id: 0x1c0b1, caps: 0xd04731/0xa40000/0xa0000/0x0, board id: 0, fw id: 582762
[    3.974221] psmouse serio1: synaptics: Toshiba Satellite C660D detected, limiting rate to 40pps.
[    4.090296] input: SynPS/2 Synaptics TouchPad as /devices/platform/i8042/serio1/input/input6
[    4.248291] [drm] fb mappable at 0xC0247000
[    4.248293] [drm] vram apper at 0xC0000000
[    4.248293] [drm] size 4325376
[    4.248294] [drm] fb depth is 24
[    4.248295] [drm]    pitch is 5632
[    4.248416] fbcon: radeondrmfb (fb0) is primary device
[    4.248489] Console: switching to colour frame buffer device 170x48
[    4.248517] radeon 0000:01:05.0: fb0: radeondrmfb frame buffer device
[    4.262298] [drm] Initialized radeon 2.50.0 20080528 for 0000:01:05.0 on minor 0
[    4.653928] raid6: sse2x4   gen()  3768 MB/s
[    4.701928] raid6: sse2x4   xor()  2112 MB/s
[    4.749941] raid6: sse2x2   gen()  3509 MB/s
[    4.797924] raid6: sse2x2   xor()  2924 MB/s
[    4.845924] raid6: sse2x1   gen()  2821 MB/s
[    4.893923] raid6: sse2x1   xor()  2576 MB/s
[    4.893923] raid6: using algorithm sse2x4 gen() 3768 MB/s
[    4.893924] raid6: .... xor() 2112 MB/s, rmw enabled
[    4.893926] raid6: using intx1 recovery algorithm
[    4.899082] xor: measuring software checksum speed
[    4.937971]    prefetch64-sse:  7013.000 MB/sec
[    4.948853] scsi 6:0:0:0: Direct-Access     Generic- Multi-Card       1.00 PQ: 0 ANSI: 0 CCS
[    4.949164] sd 6:0:0:0: Attached scsi generic sg2 type 0
[    4.955570] sd 6:0:0:0: [sdb] Attached SCSI removable disk
[    4.977932]    generic_sse:  6781.000 MB/sec
[    4.977933] xor: using function: prefetch64-sse (7013.000 MB/sec)
[    5.004501] Btrfs loaded, crc32c=crc32c-generic
[    5.167754] EXT4-fs (sda1): mounted filesystem with ordered data mode. Opts: (null)
[    5.522288] systemd[1]: systemd 237 running in system mode. (+PAM +AUDIT +SELINUX +IMA +APPARMOR +SMACK +SYSVINIT +UTMP +LIBCRYPTSETUP +GCRYPT +GNUTLS +ACL +XZ +LZ4 +SECCOMP +BLKID +ELFUTILS +KMOD -IDN2 +IDN -PCRE2 default-hierarchy=hybrid)
[    5.522422] systemd[1]: Detected architecture x86-64.
[    5.524352] systemd[1]: Set hostname to <avx-Satellite-C660D>.
[    5.829069] systemd[1]: Started Forward Password Requests to Wall Directory Watch.
[    5.829952] systemd[1]: Created slice User and Session Slice.
[    5.830433] systemd[1]: Created slice System Slice.
[    5.832421] systemd[1]: Listening on Process Core Dump Socket.
[    5.832517] systemd[1]: Listening on /dev/initctl Compatibility Named Pipe.
[    5.832595] systemd[1]: Listening on udev Control Socket.
[    5.832651] systemd[1]: Listening on udev Kernel Socket.
[    5.904902] EXT4-fs (sda1): re-mounted. Opts: errors=remount-ro
[    6.017138] lp: driver loaded but no devices found
[    6.039228] ppdev: user-space parallel port driver
[    6.045209] systemd-journald[421]: Received request to flush runtime journal from PID 1
[    6.082048] Adding 2097148k swap on /swapfile.  Priority:-2 extents:6 across:2260988k SSFS
[    7.724986] audit: type=1400 audit(1655748209.256:2): apparmor="STATUS" operation="profile_load" profile="unconfined" name="/sbin/dhclient" pid=542 comm="apparmor_parser"
[    7.724995] audit: type=1400 audit(1655748209.256:3): apparmor="STATUS" operation="profile_load" profile="unconfined" name="/usr/lib/NetworkManager/nm-dhcp-client.action" pid=542 comm="apparmor_parser"
[    7.724998] audit: type=1400 audit(1655748209.256:4): apparmor="STATUS" operation="profile_load" profile="unconfined" name="/usr/lib/NetworkManager/nm-dhcp-helper" pid=542 comm="apparmor_parser"
[    7.725000] audit: type=1400 audit(1655748209.256:5): apparmor="STATUS" operation="profile_load" profile="unconfined" name="/usr/lib/connman/scripts/dhclient-script" pid=542 comm="apparmor_parser"
[    7.732115] audit: type=1400 audit(1655748209.264:6): apparmor="STATUS" operation="profile_load" profile="unconfined" name="/usr/lib/lightdm/lightdm-guest-session" pid=541 comm="apparmor_parser"
[    7.732121] audit: type=1400 audit(1655748209.264:7): apparmor="STATUS" operation="profile_load" profile="unconfined" name="/usr/lib/lightdm/lightdm-guest-session//chromium" pid=541 comm="apparmor_parser"
[    7.734798] audit: type=1400 audit(1655748209.268:8): apparmor="STATUS" operation="profile_load" profile="unconfined" name="/usr/bin/man" pid=544 comm="apparmor_parser"
[    7.734803] audit: type=1400 audit(1655748209.268:9): apparmor="STATUS" operation="profile_load" profile="unconfined" name="man_filter" pid=544 comm="apparmor_parser"
[    7.734805] audit: type=1400 audit(1655748209.268:10): apparmor="STATUS" operation="profile_load" profile="unconfined" name="man_groff" pid=544 comm="apparmor_parser"
[    7.739967] audit: type=1400 audit(1655748209.272:11): apparmor="STATUS" operation="profile_load" profile="unconfined" name="libreoffice-oopslash" pid=545 comm="apparmor_parser"
[    8.670722] toshiba_acpi: Toshiba Laptop ACPI Extras version 0.24
[    8.705516] cfg80211: Loading compiled-in X.509 certificates for regulatory database
[    8.720501] cfg80211: Loaded X.509 cert 'sforshee: 00b28ddf47aef9cea7'
[    8.735259] input: Toshiba input device as /devices/virtual/input/input11
[    8.884556] rtl8192ce: Chip Version ID: B_CHIP_88C
[    8.897987] rtl8192ce: Using firmware rtlwifi/rtl8192cfw.bin
[    8.915405] toshiba_acpi: Supported laptop features: hotkeys touchpad cooling-method
[    8.923321] ieee80211 phy0: Selected rate control algorithm 'rtl_rc'
[    8.923611] rtlwifi: rtlwifi: wireless switch is on
[    8.937505] media: Linux media interface: v0.10
[    9.020928] videodev: Linux video capture interface: v2.00
[    9.305718] kvm: Nested Virtualization enabled
[    9.305722] kvm: Nested Paging enabled
[    9.317829] uvcvideo: Found UVC 1.00 device USB Camera (0bda:5801)
[    9.323444] MCE: In-kernel MCE decoding enabled.
[    9.331440] EDAC amd64: Node 0: DRAM ECC disabled.
[    9.331443] EDAC amd64: ECC disabled in the BIOS or no ECC capability, module will not load.
                Either enable ECC checking or force module loading by setting 'ecc_enable_override'.
                (Note that use of the override may cause unknown side effects.)
[    9.332751] snd_hda_codec_realtek hdaudioC0D0: autoconfig for ALC259: line_outs=1 (0x14/0x0/0x0/0x0/0x0) type:speaker
[    9.332755] snd_hda_codec_realtek hdaudioC0D0:    speaker_outs=0 (0x0/0x0/0x0/0x0/0x0)
[    9.332757] snd_hda_codec_realtek hdaudioC0D0:    hp_outs=1 (0x21/0x0/0x0/0x0/0x0)
[    9.332758] snd_hda_codec_realtek hdaudioC0D0:    mono: mono_out=0x0
[    9.332759] snd_hda_codec_realtek hdaudioC0D0:    inputs:
[    9.332761] snd_hda_codec_realtek hdaudioC0D0:      Mic=0x18
[    9.332762] snd_hda_codec_realtek hdaudioC0D0:      Internal Mic=0x12
[    9.346008] input: HDA ATI SB Mic as /devices/pci0000:00/0000:00:14.2/sound/card0/input12
[    9.346077] input: HDA ATI SB Headphone as /devices/pci0000:00/0000:00:14.2/sound/card0/input13
[    9.358575] EDAC amd64: Node 0: DRAM ECC disabled.
[    9.358577] EDAC amd64: ECC disabled in the BIOS or no ECC capability, module will not load.
                Either enable ECC checking or force module loading by setting 'ecc_enable_override'.
                (Note that use of the override may cause unknown side effects.)
[    9.386047] uvcvideo 2-5:1.0: Entity type for entity Processing 2 was not initialized!
[    9.386050] uvcvideo 2-5:1.0: Entity type for entity Camera 1 was not initialized!
[    9.386051] uvcvideo 2-5:1.0: Entity type for entity Extension 4 was not initialized!
[    9.386139] input: USB Camera: USB Camera as /devices/pci0000:00/0000:00:13.2/usb2/2-5/2-5:1.0/input/input14
[    9.386225] usbcore: registered new interface driver uvcvideo
[    9.386226] USB Video Class driver (1.1.1)
[    9.782944] random: crng init done
[    9.782948] random: 7 urandom warning(s) missed due to ratelimiting
[   10.739199] rtl8192ce 0000:02:00.0 wlp2s0: renamed from wlan0
[   11.743216] Generic PHY r8169-300:00: attached PHY driver [Generic PHY] (mii_bus:phy_addr=r8169-300:00, irq=IGNORE)
[   12.021912] r8169 0000:03:00.0 enp3s0: Link is Down
[   14.178605] aufs 4.x-rcN-20190204
[   14.729825] wlp2s0: authenticate with 80:75:1f:f9:ce:12
[   14.767637] wlp2s0: send auth to 80:75:1f:f9:ce:12 (try 1/3)
[   14.771509] wlp2s0: authenticated
[   14.773985] wlp2s0: associate with 80:75:1f:f9:ce:12 (try 1/3)
[   14.779385] wlp2s0: RX AssocResp from 80:75:1f:f9:ce:12 (capab=0x1411 status=0 aid=1)
[   14.779925] wlp2s0: associated
[   14.860133] IPv6: ADDRCONF(NETDEV_CHANGE): wlp2s0: link becomes ready
[   19.270269] kauditd_printk_skb: 33 callbacks suppressed
[   19.270270] audit: type=1400 audit(1655748220.804:45): apparmor="STATUS" operation="profile_load" profile="unconfined" name="docker-default" pid=1813 comm="apparmor_parser"
[   20.121646] bridge: filtering via arp/ip/ip6tables is no longer available by default. Update your scripts to load br_netfilter if you need this.
[   20.132322] Bridge firewalling registered
[   20.178191] bpfilter: Loaded bpfilter_umh pid 1887
[   20.366184] Initializing XFRM netlink socket
[  583.887137] compressor.sh[3452]: segfault at 7fffc7c1dff8 ip 00007f165791e4c6 sp 00007fffc7c1df40 error 6 in libc-2.27.so[7f16578c3000+1e7000]
[  583.887150] Code: 49 89 fe 53 49 89 d4 48 89 f3 48 81 ec 48 05 00 00 64 48 8b 04 25 28 00 00 00 48 89 45 c8 31 c0 48 8b 05 a5 f9 38 00 64 8b 00 <89> 85 48 fb ff ff 8b 87 c0 00 00 00 85 c0 0f 85 d6 01 00 00 c7 87
